
> file-saver@0.0.0 build
> tsc -b && vite build

src/App.tsx(8,3): error TS6133: 'Download' is declared but its value is never read.
src/App.tsx(11,3): error TS6133: 'Timer' is declared but its value is never read.
src/App.tsx(12,3): error TS6133: 'Users' is declared but its value is never read.
src/App.tsx(19,1): error TS6133: 'THREE' is declared but its value is never read.
src/App.tsx(19,24): error TS7016: Could not find a declaration file for module 'three'. 'C:/Users/MSI/Music/file saver/node_modules/three/build/three.module.js' implicitly has an 'any' type.
  Try `npm i --save-dev @types/three` if it exists or add a new declaration (.d.ts) file containing `declare module 'three';`
src/App.tsx(217,19): error TS2554: Expected 1 arguments, but got 0.
